[2026-02-03T03:36:02+00:00] AntiBot Global Firewall Error: No API key provided
[2026-02-03T02:17:01+00:00] AntiBot Global Firewall Error: No API key provided
[2026-02-03T02:17:04+00:00] AntiBot Global Firewall Error: No API key provided
[2026-02-03T02:17:11+00:00] AntiBot Global Firewall Error: No API key provided
[2026-02-03T02:17:20+00:00] AntiBot Global Firewall Error: No API key provided
[2026-02-03T02:17:25+00:00] AntiBot Global Firewall Error: No API key provided
[2026-02-03T02:17:26+00:00] AntiBot Global Firewall Error: No API key provided
[2026-02-03T02:17:36+00:00] AntiBot Global Firewall Error: No API key provided
[2026-02-03T02:17:56+00:00] AntiBot Global Firewall Error: No API key provided
[2026-02-03T02:17:56+00:00] AntiBot Global Firewall Error: No API key provided
[2026-02-03T02:17:58+00:00] AntiBot Global Firewall Error: No API key provided
[2026-02-03T02:17:58+00:00] AntiBot Global Firewall Error: No API key provided
[2026-02-03T02:18:08+00:00] AntiBot Global Firewall Error: No API key provided
[2026-02-03T02:18:09+00:00] AntiBot Global Firewall Error: No API key provided
[2026-02-03T02:18:19+00:00] AntiBot Global Firewall Error: No API key provided
[2026-02-03T02:18:29+00:00] AntiBot Global Firewall Error: No API key provided
[2026-02-03T02:18:39+00:00] AntiBot Global Firewall Error: No API key provided
[2026-02-03T02:18:49+00:00] AntiBot Global Firewall Error: No API key provided
[2026-02-03T02:18:58+00:00] AntiBot Global Firewall Error: No API key provided
[2026-02-03T02:19:09+00:00] AntiBot Global Firewall Error: No API key provided
[2026-02-03T02:19:19+00:00] AntiBot Global Firewall Error: No API key provided
[2026-02-03T02:19:29+00:00] AntiBot Global Firewall Error: No API key provided
[2026-02-03T02:19:39+00:00] AntiBot Global Firewall Error: No API key provided
[2026-02-03T02:19:49+00:00] AntiBot Global Firewall Error: No API key provided
[2026-02-03T02:19:58+00:00] AntiBot Global Firewall Error: No API key provided
[2026-02-03T02:20:08+00:00] AntiBot Global Firewall Error: No API key provided
[2026-02-03T02:20:08+00:00] AntiBot Global Firewall Error: No API key provided
[2026-02-03T02:20:18+00:00] AntiBot Global Firewall Error: No API key provided
[2026-02-03T02:20:29+00:00] AntiBot Global Firewall Error: No API key provided
[2026-02-03T02:20:39+00:00] AntiBot Global Firewall Error: No API key provided
[2026-02-03T02:20:42+00:00] AntiBot Global Firewall Error: No API key provided
[2026-02-03T02:20:44+00:00] AntiBot Global Firewall Error: No API key provided
[2026-02-03T02:20:44+00:00] AntiBot Global Firewall Error: No API key provided
[2026-02-03T02:20:49+00:00] AntiBot Global Firewall Error: No API key provided
[2026-02-03T02:20:54+00:00] AntiBot Global Firewall Error: No API key provided
[2026-02-03T02:20:59+00:00] AntiBot Global Firewall Error: No API key provided
[2026-02-03T02:21:09+00:00] AntiBot Global Firewall Error: No API key provided
[2026-02-03T02:21:19+00:00] AntiBot Global Firewall Error: No API key provided
[2026-02-03T02:21:30+00:00] AntiBot Global Firewall Error: No API key provided
[2026-02-03T02:21:40+00:00] AntiBot Global Firewall Error: No API key provided
[2026-02-03T02:21:51+00:00] AntiBot Global Firewall Error: No API key provided
[2026-02-03T02:22:00+00:00] AntiBot Global Firewall Error: No API key provided
[2026-02-03T02:22:10+00:00] AntiBot Global Firewall Error: No API key provided
[2026-02-03T02:22:21+00:00] AntiBot Global Firewall Error: No API key provided
[2026-02-03T02:22:29+00:00] AntiBot Global Firewall Error: No API key provided
[2026-02-03T02:22:35+00:00] AntiBot Global Firewall Error: No API key provided
[2026-02-03T02:22:40+00:00] AntiBot Global Firewall Error: No API key provided
[2026-02-03T02:22:50+00:00] AntiBot Global Firewall Error: No API key provided
[2026-02-03T02:22:54+00:00] AntiBot Global Firewall Error: No API key provided
[2026-02-03T02:23:04+00:00] AntiBot Global Firewall Error: No API key provided
[2026-02-03T02:23:06+00:00] AntiBot Global Firewall Error: No API key provided
[2026-02-03T02:23:06+00:00] AntiBot Global Firewall Error: No API key provided
[2026-02-03T02:23:06+00:00] AntiBot Global Firewall Error: No API key provided
[2026-02-03T02:23:07+00:00] AntiBot Global Firewall Error: No API key provided
[2026-02-03T02:23:07+00:00] AntiBot Global Firewall Error: No API key provided
[2026-02-03T02:23:07+00:00] AntiBot Global Firewall Error: No API key provided
[2026-02-03T02:23:13+00:00] AntiBot Global Firewall Error: No API key provided
[2026-02-03T02:23:14+00:00] AntiBot Global Firewall Error: No API key provided
[2026-02-03T02:23:14+00:00] AntiBot Global Firewall Error: No API key provided
[2026-02-03T02:23:14+00:00] AntiBot Global Firewall Error: No API key provided
[2026-02-03T02:23:17+00:00] AntiBot Global Firewall Error: No API key provided
[2026-02-03T02:23:18+00:00] AntiBot Global Firewall Error: No API key provided
[2026-02-03T02:23:18+00:00] AntiBot Global Firewall Error: No API key provided
[2026-02-03T02:23:19+00:00] AntiBot Global Firewall Error: No API key provided
[2026-02-03T02:23:19+00:00] AntiBot Global Firewall Error: No API key provided
[2026-02-03T02:23:19+00:00] AntiBot Global Firewall Error: No API key provided
[2026-02-03T02:23:24+00:00] AntiBot Global Firewall Error: No API key provided
[2026-02-03T02:23:46+00:00] AntiBot Global Firewall Error: No API key provided
[2026-02-03T02:23:56+00:00] AntiBot Global Firewall Error: No API key provided
[2026-02-03T02:24:34+00:00] AntiBot Global Firewall Error: No API key provided
[2026-02-03T02:24:35+00:00] AntiBot Global Firewall Error: No API key provided
[2026-02-03T02:25:21+00:00] AntiBot Global Firewall Error: No API key provided
[2026-02-03T02:25:23+00:00] AntiBot Global Firewall Error: No API key provided
[2026-02-03T02:25:23+00:00] AntiBot Global Firewall Error: No API key provided
[2026-02-03T02:25:23+00:00] AntiBot Global Firewall Error: No API key provided
[2026-02-03T02:25:27+00:00] AntiBot Global Firewall Error: No API key provided
[2026-02-03T02:25:27+00:00] AntiBot Global Firewall Error: No API key provided
[2026-02-03T02:25:27+00:00] AntiBot Global Firewall Error: No API key provided
[2026-02-03T02:25:27+00:00] AntiBot Global Firewall Error: No API key provided
[2026-02-03T02:25:27+00:00] AntiBot Global Firewall Error: No API key provided
[2026-02-03T02:25:31+00:00] AntiBot Global Firewall Error: No API key provided
[2026-02-03T02:26:07+00:00] AntiBot Global Firewall Error: No API key provided
[2026-02-03T02:26:17+00:00] AntiBot Global Firewall Error: No API key provided
[2026-02-03T02:26:34+00:00] AntiBot Global Firewall Error: No API key provided
[2026-02-03T02:26:34+00:00] AntiBot Global Firewall Error: No API key provided
[2026-02-03T02:26:36+00:00] AntiBot Global Firewall Error: No API key provided
[2026-02-03T02:26:38+00:00] AntiBot Global Firewall Error: No API key provided
[2026-02-03T02:26:38+00:00] AntiBot Global Firewall Error: No API key provided
[2026-02-03T02:26:39+00:00] AntiBot Global Firewall Error: No API key provided
[2026-02-03T02:26:43+00:00] AntiBot Global Firewall Error: No API key provided
[2026-02-03T02:26:43+00:00] AntiBot Global Firewall Error: No API key provided
[2026-02-03T02:26:43+00:00] AntiBot Global Firewall Error: No API key provided
[2026-02-03T02:26:46+00:00] AntiBot Global Firewall Error: No API key provided
[2026-02-03T02:26:46+00:00] AntiBot Global Firewall Error: No API key provided
[2026-02-03T02:26:46+00:00] AntiBot Global Firewall Error: No API key provided
[2026-02-03T02:26:47+00:00] AntiBot Global Firewall Error: No API key provided
[2026-02-03T02:26:56+00:00] AntiBot Global Firewall Error: No API key provided
[2026-02-03T02:27:47+00:00] AntiBot Global Firewall Error: No API key provided
[2026-02-03T02:28:34+00:00] AntiBot Global Firewall Error: No API key provided
[2026-02-03T02:28:34+00:00] AntiBot Global Firewall Error: No API key provided
[2026-02-03T02:28:44+00:00] AntiBot Global Firewall Error: No API key provided
[2026-02-03T02:28:47+00:00] AntiBot Global Firewall Error: No API key provided
[2026-02-03T02:28:49+00:00] AntiBot Global Firewall Error: No API key provided
[2026-02-03T02:28:51+00:00] AntiBot Global Firewall Error: No API key provided
[2026-02-03T02:28:52+00:00] AntiBot Global Firewall Error: No API key provided
[2026-02-03T02:28:52+00:00] AntiBot Global Firewall Error: No API key provided
[2026-02-03T02:29:09+00:00] AntiBot Global Firewall Error: No API key provided
[2026-02-03T02:29:10+00:00] AntiBot Global Firewall Error: No API key provided
[2026-02-03T02:29:30+00:00] AntiBot Global Firewall Error: No API key provided
[2026-02-03T02:29:32+00:00] AntiBot Global Firewall Error: No API key provided
[2026-02-03T02:30:32+00:00] AntiBot Global Firewall Error: No API key provided
[2026-02-03T02:32:32+00:00] AntiBot Global Firewall Error: No API key provided
[2026-02-03T02:34:33+00:00] AntiBot Global Firewall Error: No API key provided
[2026-02-03T02:37:43+00:00] AntiBot Global Firewall Error: No API key provided
[2026-02-03T02:37:45+00:00] AntiBot Global Firewall Error: No API key provided
[2026-02-03T02:37:52+00:00] AntiBot Global Firewall Error: No API key provided
[2026-02-03T02:37:54+00:00] AntiBot Global Firewall Error: No API key provided
[2026-02-03T02:37:55+00:00] AntiBot Global Firewall Error: No API key provided
[2026-02-03T02:37:56+00:00] AntiBot Global Firewall Error: No API key provided
[2026-02-03T02:37:57+00:00] AntiBot Global Firewall Error: No API key provided
[2026-02-03T02:37:58+00:00] AntiBot Global Firewall Error: No API key provided
[2026-02-03T02:38:00+00:00] AntiBot Global Firewall Error: No API key provided
[2026-02-03T02:38:01+00:00] AntiBot Global Firewall Error: No API key provided
[2026-02-03T02:38:01+00:00] AntiBot Global Firewall Error: No API key provided
[2026-02-03T02:38:02+00:00] AntiBot Global Firewall Error: No API key provided
[2026-02-03T02:38:35+00:00] AntiBot Global Firewall Error: No API key provided
[2026-02-03T02:39:28+00:00] AntiBot Global Firewall Error: No API key provided
[2026-02-03T02:39:36+00:00] AntiBot Global Firewall Error: No API key provided
[2026-02-03T02:48:44+00:00] AntiBot Global Firewall Error: No API key provided
[2026-02-03T02:50:10+00:00] AntiBot Global Firewall Error: No API key provided
[2026-02-03T02:51:36+00:00] AntiBot Global Firewall Error: No API key provided
[2026-02-03T02:52:28+00:00] AntiBot Global Firewall Error: No API key provided
[2026-02-03T02:52:28+00:00] AntiBot Global Firewall Error: No API key provided
[2026-02-03T02:52:28+00:00] AntiBot Global Firewall Error: No API key provided
[2026-02-03T02:52:28+00:00] AntiBot Global Firewall Error: No API key provided
[2026-02-03T02:52:28+00:00] AntiBot Global Firewall Error: No API key provided
[2026-02-03T02:52:28+00:00] AntiBot Global Firewall Error: No API key provided
[2026-02-03T02:52:29+00:00] AntiBot Global Firewall Error: No API key provided
[2026-02-03T02:52:29+00:00] AntiBot Global Firewall Error: No API key provided
[2026-02-03T02:52:29+00:00] AntiBot Global Firewall Error: No API key provided
[2026-02-03T02:52:29+00:00] AntiBot Global Firewall Error: No API key provided
[2026-02-03T02:52:29+00:00] AntiBot Global Firewall Error: No API key provided
[2026-02-03T02:52:29+00:00] AntiBot Global Firewall Error: No API key provided
[2026-02-03T02:52:29+00:00] AntiBot Global Firewall Error: No API key provided
[2026-02-03T02:52:29+00:00] AntiBot Global Firewall Error: No API key provided
[2026-02-03T02:52:29+00:00] AntiBot Global Firewall Error: No API key provided
[2026-02-03T02:52:29+00:00] AntiBot Global Firewall Error: No API key provided
[2026-02-03T02:52:30+00:00] AntiBot Global Firewall Error: No API key provided
[2026-02-03T02:52:30+00:00] AntiBot Global Firewall Error: No API key provided
[2026-02-03T02:52:30+00:00] AntiBot Global Firewall Error: No API key provided
[2026-02-03T02:52:30+00:00] AntiBot Global Firewall Error: No API key provided
[2026-02-03T02:52:31+00:00] AntiBot Global Firewall Error: No API key provided
[2026-02-03T02:52:31+00:00] AntiBot Global Firewall Error: No API key provided
[2026-02-03T02:52:31+00:00] AntiBot Global Firewall Error: No API key provided
[2026-02-03T02:52:31+00:00] AntiBot Global Firewall Error: No API key provided
[2026-02-03T02:52:31+00:00] AntiBot Global Firewall Error: No API key provided
[2026-02-03T02:52:31+00:00] AntiBot Global Firewall Error: No API key provided
[2026-02-03T02:52:32+00:00] AntiBot Global Firewall Error: No API key provided
[2026-02-03T02:52:32+00:00] AntiBot Global Firewall Error: No API key provided
[2026-02-03T02:52:32+00:00] AntiBot Global Firewall Error: No API key provided
[2026-02-03T02:52:32+00:00] AntiBot Global Firewall Error: No API key provided
[2026-02-03T02:52:32+00:00] AntiBot Global Firewall Error: No API key provided
[2026-02-03T02:52:32+00:00] AntiBot Global Firewall Error: No API key provided
[2026-02-03T02:52:32+00:00] AntiBot Global Firewall Error: No API key provided
[2026-02-03T02:52:32+00:00] AntiBot Global Firewall Error: No API key provided
[2026-02-03T02:52:32+00:00] AntiBot Global Firewall Error: No API key provided
[2026-02-03T02:52:32+00:00] AntiBot Global Firewall Error: No API key provided
[2026-02-03T02:52:32+00:00] AntiBot Global Firewall Error: No API key provided
[2026-02-03T02:52:33+00:00] AntiBot Global Firewall Error: No API key provided
[2026-02-03T02:52:33+00:00] AntiBot Global Firewall Error: No API key provided
[2026-02-03T02:52:33+00:00] AntiBot Global Firewall Error: No API key provided
[2026-02-03T02:52:38+00:00] AntiBot Global Firewall Error: No API key provided
[2026-02-03T02:52:38+00:00] AntiBot Global Firewall Error: No API key provided
[2026-02-03T02:52:38+00:00] AntiBot Global Firewall Error: No API key provided
[2026-02-03T02:52:38+00:00] AntiBot Global Firewall Error: No API key provided
[2026-02-03T02:52:38+00:00] AntiBot Global Firewall Error: No API key provided
[2026-02-03T02:52:38+00:00] AntiBot Global Firewall Error: No API key provided
[2026-02-03T02:52:39+00:00] AntiBot Global Firewall Error: No API key provided
[2026-02-03T02:52:39+00:00] AntiBot Global Firewall Error: No API key provided
[2026-02-03T02:52:39+00:00] AntiBot Global Firewall Error: No API key provided
[2026-02-03T02:52:39+00:00] AntiBot Global Firewall Error: No API key provided
[2026-02-03T02:52:39+00:00] AntiBot Global Firewall Error: No API key provided
[2026-02-03T02:52:39+00:00] AntiBot Global Firewall Error: No API key provided
[2026-02-03T02:52:39+00:00] AntiBot Global Firewall Error: No API key provided
[2026-02-03T02:52:39+00:00] AntiBot Global Firewall Error: No API key provided
[2026-02-03T02:52:39+00:00] AntiBot Global Firewall Error: No API key provided
[2026-02-03T02:52:39+00:00] AntiBot Global Firewall Error: No API key provided
[2026-02-03T02:52:40+00:00] AntiBot Global Firewall Error: No API key provided
[2026-02-03T02:52:40+00:00] AntiBot Global Firewall Error: No API key provided
[2026-02-03T02:52:40+00:00] AntiBot Global Firewall Error: No API key provided
[2026-02-03T02:52:40+00:00] AntiBot Global Firewall Error: No API key provided
[2026-02-03T02:52:46+00:00] AntiBot Global Firewall Error: No API key provided
[2026-02-03T02:52:46+00:00] AntiBot Global Firewall Error: No API key provided
[2026-02-03T02:52:46+00:00] AntiBot Global Firewall Error: No API key provided
[2026-02-03T02:52:46+00:00] AntiBot Global Firewall Error: No API key provided
[2026-02-03T02:52:46+00:00] AntiBot Global Firewall Error: No API key provided
[2026-02-03T02:52:46+00:00] AntiBot Global Firewall Error: No API key provided
[2026-02-03T02:52:46+00:00] AntiBot Global Firewall Error: No API key provided
[2026-02-03T02:52:46+00:00] AntiBot Global Firewall Error: No API key provided
[2026-02-03T02:52:47+00:00] AntiBot Global Firewall Error: No API key provided
[2026-02-03T02:52:47+00:00] AntiBot Global Firewall Error: No API key provided
[2026-02-03T02:52:47+00:00] AntiBot Global Firewall Error: No API key provided
[2026-02-03T02:52:47+00:00] AntiBot Global Firewall Error: No API key provided
[2026-02-03T02:52:47+00:00] AntiBot Global Firewall Error: No API key provided
[2026-02-03T02:52:47+00:00] AntiBot Global Firewall Error: No API key provided
[2026-02-03T02:52:47+00:00] AntiBot Global Firewall Error: No API key provided
[2026-02-03T02:52:47+00:00] AntiBot Global Firewall Error: No API key provided
[2026-02-03T02:52:47+00:00] AntiBot Global Firewall Error: No API key provided
[2026-02-03T02:52:47+00:00] AntiBot Global Firewall Error: No API key provided
[2026-02-03T02:52:48+00:00] AntiBot Global Firewall Error: No API key provided
[2026-02-03T02:52:48+00:00] AntiBot Global Firewall Error: No API key provided
[2026-02-03T02:52:49+00:00] AntiBot Global Firewall Error: No API key provided
[2026-02-03T02:52:49+00:00] AntiBot Global Firewall Error: No API key provided
[2026-02-03T02:52:49+00:00] AntiBot Global Firewall Error: No API key provided
[2026-02-03T02:52:49+00:00] AntiBot Global Firewall Error: No API key provided
[2026-02-03T02:52:49+00:00] AntiBot Global Firewall Error: No API key provided
[2026-02-03T02:52:49+00:00] AntiBot Global Firewall Error: No API key provided
[2026-02-03T02:52:50+00:00] AntiBot Global Firewall Error: No API key provided
[2026-02-03T02:52:50+00:00] AntiBot Global Firewall Error: No API key provided
[2026-02-03T02:52:50+00:00] AntiBot Global Firewall Error: No API key provided
[2026-02-03T02:52:50+00:00] AntiBot Global Firewall Error: No API key provided
[2026-02-03T02:52:50+00:00] AntiBot Global Firewall Error: No API key provided
[2026-02-03T02:52:50+00:00] AntiBot Global Firewall Error: No API key provided
[2026-02-03T02:52:50+00:00] AntiBot Global Firewall Error: No API key provided
[2026-02-03T02:52:50+00:00] AntiBot Global Firewall Error: No API key provided
[2026-02-03T02:52:50+00:00] AntiBot Global Firewall Error: No API key provided
[2026-02-03T02:52:50+00:00] AntiBot Global Firewall Error: No API key provided
[2026-02-03T02:52:51+00:00] AntiBot Global Firewall Error: No API key provided
[2026-02-03T02:52:51+00:00] AntiBot Global Firewall Error: No API key provided
[2026-02-03T02:52:51+00:00] AntiBot Global Firewall Error: No API key provided
[2026-02-03T02:52:51+00:00] AntiBot Global Firewall Error: No API key provided
[2026-02-03T02:52:56+00:00] AntiBot Global Firewall Error: No API key provided
[2026-02-03T02:52:56+00:00] AntiBot Global Firewall Error: No API key provided
[2026-02-03T02:52:56+00:00] AntiBot Global Firewall Error: No API key provided
[2026-02-03T02:52:56+00:00] AntiBot Global Firewall Error: No API key provided
[2026-02-03T02:52:56+00:00] AntiBot Global Firewall Error: No API key provided
[2026-02-03T02:52:57+00:00] AntiBot Global Firewall Error: No API key provided
[2026-02-03T02:52:57+00:00] AntiBot Global Firewall Error: No API key provided
[2026-02-03T02:52:57+00:00] AntiBot Global Firewall Error: No API key provided
[2026-02-03T02:52:57+00:00] AntiBot Global Firewall Error: No API key provided
[2026-02-03T02:52:57+00:00] AntiBot Global Firewall Error: No API key provided
[2026-02-03T02:52:57+00:00] AntiBot Global Firewall Error: No API key provided
[2026-02-03T02:52:57+00:00] AntiBot Global Firewall Error: No API key provided
[2026-02-03T02:52:57+00:00] AntiBot Global Firewall Error: No API key provided
[2026-02-03T02:52:57+00:00] AntiBot Global Firewall Error: No API key provided
[2026-02-03T02:52:57+00:00] AntiBot Global Firewall Error: No API key provided
[2026-02-03T02:52:57+00:00] AntiBot Global Firewall Error: No API key provided
[2026-02-03T02:52:58+00:00] AntiBot Global Firewall Error: No API key provided
[2026-02-03T02:52:58+00:00] AntiBot Global Firewall Error: No API key provided
[2026-02-03T02:52:58+00:00] AntiBot Global Firewall Error: No API key provided
[2026-02-03T02:52:58+00:00] AntiBot Global Firewall Error: No API key provided
[2026-02-03T02:53:33+00:00] AntiBot Global Firewall Error: No API key provided
[2026-02-03T02:53:38+00:00] AntiBot Global Firewall Error: No API key provided
[2026-02-03T02:53:38+00:00] AntiBot Global Firewall Error: No API key provided
[2026-02-03T02:53:38+00:00] AntiBot Global Firewall Error: No API key provided
[2026-02-03T02:53:38+00:00] AntiBot Global Firewall Error: No API key provided
[2026-02-03T02:53:39+00:00] AntiBot Global Firewall Error: No API key provided
[2026-02-03T02:53:39+00:00] AntiBot Global Firewall Error: No API key provided
[2026-02-03T02:54:02+00:00] AntiBot Global Firewall Error: No API key provided
[2026-02-03T02:56:17+00:00] AntiBot Global Firewall Error: No API key provided
[2026-02-03T02:56:22+00:00] AntiBot Global Firewall Error: No API key provided
[2026-02-03T02:57:02+00:00] AntiBot Global Firewall Error: No API key provided
[2026-02-03T02:57:04+00:00] AntiBot Global Firewall Error: No API key provided
[2026-02-03T02:57:43+00:00] AntiBot Global Firewall Error: No API key provided
[2026-02-03T02:58:09+00:00] AntiBot Global Firewall Error: No API key provided
[2026-02-03T02:58:12+00:00] AntiBot Global Firewall Error: No API key provided
[2026-02-03T02:58:34+00:00] AntiBot Global Firewall Error: No API key provided
[2026-02-03T02:58:52+00:00] AntiBot Global Firewall Error: No API key provided
[2026-02-03T02:58:56+00:00] AntiBot Global Firewall Error: No API key provided
[2026-02-03T02:59:21+00:00] AntiBot Global Firewall Error: No API key provided
[2026-02-03T02:59:21+00:00] AntiBot Global Firewall Error: No API key provided
[2026-02-03T02:59:22+00:00] AntiBot Global Firewall Error: No API key provided
[2026-02-03T02:59:36+00:00] AntiBot Global Firewall Error: No API key provided
[2026-02-03T02:59:36+00:00] AntiBot Global Firewall Error: No API key provided
[2026-02-03T02:59:36+00:00] AntiBot Global Firewall Error: No API key provided
[2026-02-03T03:00:26+00:00] AntiBot Global Firewall Error: No API key provided
[2026-02-03T03:00:32+00:00] AntiBot Global Firewall Error: No API key provided
[2026-02-03T03:01:32+00:00] AntiBot Global Firewall Error: No API key provided
[2026-02-03T03:01:32+00:00] AntiBot Global Firewall Error: No API key provided
[2026-02-03T03:01:32+00:00] AntiBot Global Firewall Error: No API key provided
[2026-02-03T03:01:32+00:00] AntiBot Global Firewall Error: No API key provided
[2026-02-03T03:01:49+00:00] AntiBot Global Firewall Error: No API key provided
[2026-02-03T03:02:53+00:00] AntiBot Global Firewall Error: No API key provided
[2026-02-03T03:02:54+00:00] AntiBot Global Firewall Error: No API key provided
[2026-02-03T03:02:54+00:00] AntiBot Global Firewall Error: No API key provided
[2026-02-03T03:02:55+00:00] AntiBot Global Firewall Error: No API key provided
[2026-02-03T03:02:55+00:00] AntiBot Global Firewall Error: No API key provided
[2026-02-03T03:02:55+00:00] AntiBot Global Firewall Error: No API key provided
[2026-02-03T03:03:05+00:00] AntiBot Global Firewall Error: No API key provided
[2026-02-03T03:03:22+00:00] AntiBot Global Firewall Error: No API key provided
[2026-02-03T03:03:22+00:00] AntiBot Global Firewall Error: No API key provided
[2026-02-03T03:03:24+00:00] AntiBot Global Firewall Error: No API key provided
[2026-02-03T03:03:29+00:00] AntiBot Global Firewall Error: No API key provided
[2026-02-03T03:03:30+00:00] AntiBot Global Firewall Error: No API key provided
[2026-02-03T03:03:33+00:00] AntiBot Global Firewall Error: No API key provided
[2026-02-03T03:03:35+00:00] AntiBot Global Firewall Error: No API key provided
[2026-02-03T03:03:36+00:00] Smart IP DETECTION: IP header detected: HTTP_X_FORWARDED_FOR with IP: 189.84.242.34.
[2026-02-03T03:03:36+00:00] Smart IP DETECTION: Pinged successfully.
[2026-02-03T03:03:36+00:00] Cron job wpdef_firewall_send_compact_logs_to_api triggered at site 1
[2026-02-03T03:03:37+00:00] Server public IP whitelisted successfully.
[2026-02-03T03:03:38+00:00] AntiBot Global Firewall Error: No API key provided
[2026-02-03T03:03:38+00:00] AntiBot Global Firewall Error: No API key provided
[2026-02-03T03:03:52+00:00] AntiBot Global Firewall Error: No API key provided
[2026-02-03T03:03:52+00:00] AntiBot Global Firewall Error: No API key provided
[2026-02-03T03:04:18+00:00] AntiBot Global Firewall Error: No API key provided
[2026-02-03T03:04:22+00:00] AntiBot Global Firewall Error: No API key provided
[2026-02-03T03:04:25+00:00] AntiBot Global Firewall Error: No API key provided
[2026-02-03T03:05:17+00:00] AntiBot Global Firewall Error: No API key provided
[2026-02-03T03:05:17+00:00] AntiBot Global Firewall Error: No API key provided
[2026-02-03T03:05:24+00:00] AntiBot Global Firewall Error: No API key provided
[2026-02-03T03:05:28+00:00] AntiBot Global Firewall Error: No API key provided
[2026-02-03T03:05:39+00:00] AntiBot Global Firewall Error: No API key provided
[2026-02-03T03:05:39+00:00] AntiBot Global Firewall Error: No API key provided
[2026-02-03T03:05:39+00:00] AntiBot Global Firewall Error: No API key provided
[2026-02-03T03:05:42+00:00] AntiBot Global Firewall Error: No API key provided
[2026-02-03T03:05:42+00:00] AntiBot Global Firewall Error: No API key provided
[2026-02-03T03:05:51+00:00] AntiBot Global Firewall Error: No API key provided
[2026-02-03T03:05:52+00:00] AntiBot Global Firewall Error: No API key provided
[2026-02-03T03:07:40+00:00] AntiBot Global Firewall Error: No API key provided
[2026-02-03T03:08:07+00:00] AntiBot Global Firewall Error: No API key provided
[2026-02-03T03:08:29+00:00] AntiBot Global Firewall Error: No API key provided
[2026-02-03T03:08:40+00:00] AntiBot Global Firewall Error: No API key provided
[2026-02-03T03:08:45+00:00] AntiBot Global Firewall Error: No API key provided
[2026-02-03T03:08:52+00:00] AntiBot Global Firewall Error: No API key provided
[2026-02-03T03:09:09+00:00] AntiBot Global Firewall Error: No API key provided
[2026-02-03T03:09:45+00:00] AntiBot Global Firewall Error: No API key provided
[2026-02-03T03:09:53+00:00] AntiBot Global Firewall Error: No API key provided
[2026-02-03T03:10:10+00:00] AntiBot Global Firewall Error: No API key provided
[2026-02-03T03:11:01+00:00] AntiBot Global Firewall Error: No API key provided
[2026-02-03T03:12:04+00:00] AntiBot Global Firewall Error: No API key provided
[2026-02-03T03:13:06+00:00] AntiBot Global Firewall Error: No API key provided
[2026-02-03T03:14:08+00:00] AntiBot Global Firewall Error: No API key provided
[2026-02-03T03:15:10+00:00] AntiBot Global Firewall Error: No API key provided
[2026-02-03T03:15:14+00:00] AntiBot Global Firewall Error: No API key provided
[2026-02-03T03:15:14+00:00] AntiBot Global Firewall Error: No API key provided
[2026-02-03T03:15:14+00:00] AntiBot Global Firewall Error: No API key provided
[2026-02-03T03:15:18+00:00] AntiBot Global Firewall Error: No API key provided
[2026-02-03T03:15:18+00:00] AntiBot Global Firewall Error: No API key provided
[2026-02-03T03:15:22+00:00] AntiBot Global Firewall Error: No API key provided
[2026-02-03T03:15:22+00:00] AntiBot Global Firewall Error: No API key provided
[2026-02-03T03:15:22+00:00] AntiBot Global Firewall Error: No API key provided
[2026-02-03T03:15:24+00:00] AntiBot Global Firewall Error: No API key provided
[2026-02-03T03:15:24+00:00] AntiBot Global Firewall Error: No API key provided
[2026-02-03T03:16:02+00:00] AntiBot Global Firewall Error: No API key provided
[2026-02-03T03:17:04+00:00] AntiBot Global Firewall Error: No API key provided
[2026-02-03T03:18:06+00:00] AntiBot Global Firewall Error: No API key provided
[2026-02-03T03:19:08+00:00] AntiBot Global Firewall Error: No API key provided
[2026-02-03T03:20:10+00:00] AntiBot Global Firewall Error: No API key provided
[2026-02-03T03:21:01+00:00] AntiBot Global Firewall Error: No API key provided
[2026-02-03T03:22:02+00:00] AntiBot Global Firewall Error: No API key provided
[2026-02-03T03:23:04+00:00] AntiBot Global Firewall Error: No API key provided
[2026-02-03T03:23:32+00:00] AntiBot Global Firewall Error: No API key provided
[2026-02-03T03:23:33+00:00] AntiBot Global Firewall Error: No API key provided
[2026-02-03T03:23:33+00:00] AntiBot Global Firewall Error: No API key provided
[2026-02-03T03:23:35+00:00] AntiBot Global Firewall Error: No API key provided
[2026-02-03T03:23:35+00:00] AntiBot Global Firewall Error: No API key provided
[2026-02-03T03:23:35+00:00] AntiBot Global Firewall Error: No API key provided
[2026-02-03T03:23:35+00:00] AntiBot Global Firewall Error: No API key provided
[2026-02-03T03:23:37+00:00] AntiBot Global Firewall Error: No API key provided
[2026-02-03T03:23:37+00:00] AntiBot Global Firewall Error: No API key provided
[2026-02-03T03:23:43+00:00] AntiBot Global Firewall Error: No API key provided
[2026-02-03T03:23:43+00:00] AntiBot Global Firewall Error: No API key provided
[2026-02-03T03:24:05+00:00] AntiBot Global Firewall Error: No API key provided
[2026-02-03T03:25:06+00:00] AntiBot Global Firewall Error: No API key provided
[2026-02-03T03:25:31+00:00] AntiBot Global Firewall Error: No API key provided
[2026-02-03T03:25:31+00:00] AntiBot Global Firewall Error: No API key provided
[2026-02-03T03:25:31+00:00] AntiBot Global Firewall Error: No API key provided
[2026-02-03T03:26:08+00:00] AntiBot Global Firewall Error: No API key provided
[2026-02-03T03:27:09+00:00] AntiBot Global Firewall Error: No API key provided
[2026-02-03T03:27:55+00:00] AntiBot Global Firewall Error: No API key provided
[2026-02-03T03:27:55+00:00] AntiBot Global Firewall Error: No API key provided
[2026-02-03T03:27:55+00:00] AntiBot Global Firewall Error: No API key provided
[2026-02-03T03:27:57+00:00] AntiBot Global Firewall Error: No API key provided
[2026-02-03T03:27:57+00:00] AntiBot Global Firewall Error: No API key provided
[2026-02-03T03:27:57+00:00] AntiBot Global Firewall Error: No API key provided
[2026-02-03T03:27:57+00:00] AntiBot Global Firewall Error: No API key provided
[2026-02-03T03:28:01+00:00] AntiBot Global Firewall Error: No API key provided
[2026-02-03T03:28:01+00:00] AntiBot Global Firewall Error: No API key provided
[2026-02-03T03:28:13+00:00] AntiBot Global Firewall Error: No API key provided
[2026-02-03T03:28:14+00:00] AntiBot Global Firewall Error: No API key provided
[2026-02-03T03:28:14+00:00] AntiBot Global Firewall Error: No API key provided
[2026-02-03T03:28:14+00:00] AntiBot Global Firewall Error: No API key provided
[2026-02-03T03:28:15+00:00] AntiBot Global Firewall Error: No API key provided
[2026-02-03T03:28:15+00:00] AntiBot Global Firewall Error: No API key provided
[2026-02-03T03:28:15+00:00] AntiBot Global Firewall Error: No API key provided
[2026-02-03T03:28:16+00:00] AntiBot Global Firewall Error: No API key provided
[2026-02-03T03:28:19+00:00] AntiBot Global Firewall Error: No API key provided
[2026-02-03T03:28:38+00:00] AntiBot Global Firewall Error: No API key provided
[2026-02-03T03:28:38+00:00] AntiBot Global Firewall Error: No API key provided
[2026-02-03T03:28:39+00:00] AntiBot Global Firewall Error: No API key provided
[2026-02-03T03:28:39+00:00] AntiBot Global Firewall Error: No API key provided
[2026-02-03T03:28:39+00:00] AntiBot Global Firewall Error: No API key provided
[2026-02-03T03:28:42+00:00] AntiBot Global Firewall Error: No API key provided
[2026-02-03T03:28:44+00:00] AntiBot Global Firewall Error: No API key provided
[2026-02-03T03:28:45+00:00] AntiBot Global Firewall Error: No API key provided
[2026-02-03T03:28:45+00:00] AntiBot Global Firewall Error: No API key provided
[2026-02-03T03:28:46+00:00] AntiBot Global Firewall Error: No API key provided
[2026-02-03T03:28:46+00:00] AntiBot Global Firewall Error: No API key provided
[2026-02-03T03:28:46+00:00] AntiBot Global Firewall Error: No API key provided
[2026-02-03T03:29:03+00:00] AntiBot Global Firewall Error: No API key provided
[2026-02-03T03:29:33+00:00] AntiBot Global Firewall Error: No API key provided
[2026-02-03T03:29:42+00:00] AntiBot Global Firewall Error: No API key provided
[2026-02-03T03:29:42+00:00] AntiBot Global Firewall Error: No API key provided
[2026-02-03T03:29:43+00:00] AntiBot Global Firewall Error: No API key provided
[2026-02-03T03:29:43+00:00] AntiBot Global Firewall Error: No API key provided
[2026-02-03T03:29:43+00:00] AntiBot Global Firewall Error: No API key provided
[2026-02-03T03:29:49+00:00] AntiBot Global Firewall Error: No API key provided
[2026-02-03T03:29:49+00:00] AntiBot Global Firewall Error: No API key provided
[2026-02-03T03:29:49+00:00] AntiBot Global Firewall Error: No API key provided
[2026-02-03T03:29:50+00:00] AntiBot Global Firewall Error: No API key provided
[2026-02-03T03:29:50+00:00] AntiBot Global Firewall Error: No API key provided
[2026-02-03T03:29:50+00:00] AntiBot Global Firewall Error: No API key provided
[2026-02-03T03:30:04+00:00] AntiBot Global Firewall Error: No API key provided
[2026-02-03T03:31:06+00:00] AntiBot Global Firewall Error: No API key provided
[2026-02-03T03:31:21+00:00] AntiBot Global Firewall Error: No API key provided
[2026-02-03T03:31:22+00:00] AntiBot Global Firewall Error: No API key provided
[2026-02-03T03:31:22+00:00] AntiBot Global Firewall Error: No API key provided
[2026-02-03T03:31:22+00:00] AntiBot Global Firewall Error: No API key provided
[2026-02-03T03:31:26+00:00] AntiBot Global Firewall Error: No API key provided
[2026-02-03T03:31:26+00:00] AntiBot Global Firewall Error: No API key provided
[2026-02-03T03:31:26+00:00] AntiBot Global Firewall Error: No API key provided
[2026-02-03T03:31:26+00:00] AntiBot Global Firewall Error: No API key provided
[2026-02-03T03:31:26+00:00] AntiBot Global Firewall Error: No API key provided
[2026-02-03T03:32:08+00:00] AntiBot Global Firewall Error: No API key provided
[2026-02-03T03:33:08+00:00] AntiBot Global Firewall Error: No API key provided
[2026-02-03T03:33:23+00:00] AntiBot Global Firewall Error: No API key provided
[2026-02-03T03:33:33+00:00] AntiBot Global Firewall Error: No API key provided
[2026-02-03T03:33:33+00:00] AntiBot Global Firewall Error: No API key provided
[2026-02-03T03:33:33+00:00] AntiBot Global Firewall Error: No API key provided
[2026-02-03T03:33:33+00:00] AntiBot Global Firewall Error: No API key provided
[2026-02-03T03:33:38+00:00] AntiBot Global Firewall Error: No API key provided
[2026-02-03T03:33:39+00:00] AntiBot Global Firewall Error: No API key provided
[2026-02-03T03:33:39+00:00] AntiBot Global Firewall Error: No API key provided
[2026-02-03T03:33:39+00:00] AntiBot Global Firewall Error: No API key provided
[2026-02-03T03:34:10+00:00] AntiBot Global Firewall Error: No API key provided
[2026-02-03T03:34:44+00:00] AntiBot Global Firewall Error: No API key provided
[2026-02-03T03:34:45+00:00] AntiBot Global Firewall Error: No API key provided
[2026-02-03T03:34:45+00:00] AntiBot Global Firewall Error: No API key provided
[2026-02-03T03:34:45+00:00] AntiBot Global Firewall Error: No API key provided
[2026-02-03T03:35:01+00:00] AntiBot Global Firewall Error: No API key provided
[2026-02-03T03:35:44+00:00] AntiBot Global Firewall Error: No API key provided
[2026-02-03T03:35:44+00:00] AntiBot Global Firewall Error: No API key provided
[2026-02-03T03:35:48+00:00] AntiBot Global Firewall Error: No API key provided
[2026-02-03T03:35:49+00:00] AntiBot Global Firewall Error: No API key provided
[2026-02-03T03:35:51+00:00] AntiBot Global Firewall Error: No API key provided
[2026-02-03T03:35:51+00:00] AntiBot Global Firewall Error: No API key provided
[2026-02-03T03:35:55+00:00] AntiBot Global Firewall Error: No API key provided
[2026-02-03T03:35:55+00:00] AntiBot Global Firewall Error: No API key provided
[2026-02-03T03:35:58+00:00] AntiBot Global Firewall Error: No API key provided
[2026-02-03T03:36:01+00:00] AntiBot Global Firewall Error: No API key provided
[2026-02-03T03:36:02+00:00] AntiBot Global Firewall Error: No API key provided
[2026-02-03T03:36:02+00:00] AntiBot Global Firewall Error: No API key provided
[2026-02-03T03:36:02+00:00] AntiBot Global Firewall Error: No API key provided
[2026-02-03T03:36:02+00:00] AntiBot Global Firewall Error: No API key provided
[2026-02-03T03:36:02+00:00] AntiBot Global Firewall Error: No API key provided
[2026-02-03T03:36:02+00:00] AntiBot Global Firewall Error: No API key provided
[2026-02-03T03:36:02+00:00] AntiBot Global Firewall Error: No API key provided
[2026-02-03T03:36:02+00:00] AntiBot Global Firewall Error: No API key provided
[2026-02-03T03:36:03+00:00] AntiBot Global Firewall Error: No API key provided
[2026-02-03T03:36:03+00:00] AntiBot Global Firewall Error: No API key provided
[2026-02-03T03:36:03+00:00] AntiBot Global Firewall Error: No API key provided
[2026-02-03T03:36:03+00:00] AntiBot Global Firewall Error: No API key provided
[2026-02-03T03:36:03+00:00] AntiBot Global Firewall Error: No API key provided
[2026-02-03T03:36:03+00:00] AntiBot Global Firewall Error: No API key provided
[2026-02-03T03:36:03+00:00] AntiBot Global Firewall Error: No API key provided
[2026-02-03T03:36:03+00:00] AntiBot Global Firewall Error: No API key provided
[2026-02-03T03:36:03+00:00] AntiBot Global Firewall Error: No API key provided
[2026-02-03T03:36:03+00:00] AntiBot Global Firewall Error: No API key provided
[2026-02-03T03:36:03+00:00] AntiBot Global Firewall Error: No API key provided
[2026-02-03T03:36:03+00:00] AntiBot Global Firewall Error: No API key provided
[2026-02-03T03:36:12+00:00] AntiBot Global Firewall Error: No API key provided
[2026-02-03T03:36:22+00:00] AntiBot Global Firewall Error: No API key provided
[2026-02-03T03:36:28+00:00] AntiBot Global Firewall Error: No API key provided
[2026-02-03T03:36:32+00:00] AntiBot Global Firewall Error: No API key provided
[2026-02-03T03:36:32+00:00] AntiBot Global Firewall Error: No API key provided
[2026-02-03T03:36:32+00:00] AntiBot Global Firewall Error: No API key provided
[2026-02-03T03:36:32+00:00] AntiBot Global Firewall Error: No API key provided
[2026-02-03T03:36:33+00:00] AntiBot Global Firewall Error: No API key provided
[2026-02-03T03:36:41+00:00] AntiBot Global Firewall Error: No API key provided
[2026-02-03T03:36:51+00:00] AntiBot Global Firewall Error: No API key provided
[2026-02-03T03:36:51+00:00] AntiBot Global Firewall Error: No API key provided
[2026-02-03T03:36:55+00:00] AntiBot Global Firewall Error: No API key provided
[2026-02-03T03:36:55+00:00] AntiBot Global Firewall Error: No API key provided
[2026-02-03T03:36:55+00:00] AntiBot Global Firewall Error: No API key provided
[2026-02-03T03:36:55+00:00] AntiBot Global Firewall Error: No API key provided
[2026-02-03T03:37:02+00:00] AntiBot Global Firewall Error: No API key provided
[2026-02-03T03:37:12+00:00] AntiBot Global Firewall Error: No API key provided
[2026-02-03T03:37:22+00:00] AntiBot Global Firewall Error: No API key provided
[2026-02-03T03:37:32+00:00] AntiBot Global Firewall Error: No API key provided
[2026-02-03T03:37:42+00:00] AntiBot Global Firewall Error: No API key provided
[2026-02-03T03:37:52+00:00] AntiBot Global Firewall Error: No API key provided
[2026-02-03T03:38:02+00:00] AntiBot Global Firewall Error: No API key provided
[2026-02-03T03:38:04+00:00] AntiBot Global Firewall Error: No API key provided
[2026-02-03T03:38:12+00:00] AntiBot Global Firewall Error: No API key provided
[2026-02-03T03:38:22+00:00] AntiBot Global Firewall Error: No API key provided
[2026-02-03T03:38:32+00:00] AntiBot Global Firewall Error: No API key provided
[2026-02-03T03:38:42+00:00] AntiBot Global Firewall Error: No API key provided
[2026-02-03T03:38:52+00:00] AntiBot Global Firewall Error: No API key provided
[2026-02-03T03:38:58+00:00] AntiBot Global Firewall Error: No API key provided
[2026-02-03T03:39:02+00:00] AntiBot Global Firewall Error: No API key provided
[2026-02-03T03:39:12+00:00] AntiBot Global Firewall Error: No API key provided
[2026-02-03T03:39:22+00:00] AntiBot Global Firewall Error: No API key provided
[2026-02-03T03:39:32+00:00] AntiBot Global Firewall Error: No API key provided
[2026-02-03T03:39:42+00:00] AntiBot Global Firewall Error: No API key provided
[2026-02-03T03:39:52+00:00] AntiBot Global Firewall Error: No API key provided
[2026-02-03T03:40:02+00:00] AntiBot Global Firewall Error: No API key provided
[2026-02-03T03:40:12+00:00] AntiBot Global Firewall Error: No API key provided
[2026-02-03T03:40:22+00:00] AntiBot Global Firewall Error: No API key provided
[2026-02-03T03:40:31+00:00] AntiBot Global Firewall Error: No API key provided
[2026-02-03T03:40:32+00:00] AntiBot Global Firewall Error: No API key provided
[2026-02-03T03:40:35+00:00] AntiBot Global Firewall Error: No API key provided
[2026-02-03T03:40:36+00:00] AntiBot Global Firewall Error: No API key provided
[2026-02-03T03:40:36+00:00] AntiBot Global Firewall Error: No API key provided
[2026-02-03T03:40:36+00:00] AntiBot Global Firewall Error: No API key provided
[2026-02-03T03:40:42+00:00] AntiBot Global Firewall Error: No API key provided
[2026-02-03T03:40:52+00:00] AntiBot Global Firewall Error: No API key provided
[2026-02-03T03:41:02+00:00] AntiBot Global Firewall Error: No API key provided
[2026-02-03T03:41:06+00:00] AntiBot Global Firewall Error: No API key provided
[2026-02-03T03:41:12+00:00] AntiBot Global Firewall Error: No API key provided
[2026-02-03T03:41:22+00:00] AntiBot Global Firewall Error: No API key provided
[2026-02-03T03:41:32+00:00] AntiBot Global Firewall Error: No API key provided
[2026-02-03T03:41:42+00:00] AntiBot Global Firewall Error: No API key provided
